// Jest Snapshot v1, https://goo.gl/fbAQLP

exports[`filters correctly renders filters snapshot 1`] = `
<div
  class="filters"
  data-testid="filters"
>
  <div
    class="input-field search"
    data-testid="filter-by-search"
  >
    <label
      for="first_name"
    >
      Поиск товаров:
      <input
        autocomplete="off"
        class="search__input validate"
        id="first_name"
        placeholder="Поиск"
        type="text"
        value=""
      />
      <button
        class="search__clear"
        type="button"
      >
        <i
          class="material-icons"
        >
          clear
        </i>
      </button>
    </label>
  </div>
  <div
    data-testid="sort"
  >
    <select
      class="browser-default"
    >
      <option
        value="name_asc"
      >
        По названию, от А до Я
      </option>
      <option
        value="name_desc"
      >
        По названию, от Я до А
      </option>
      <option
        value="price_asc"
      >
        По цене, по возрастанию
      </option>
      <option
        value="price_desc"
      >
        По цене, по убыванию
      </option>
      <option
        value="quantity_asc"
      >
        По количеству, по возрастанию
      </option>
      <option
        value="quantity_desc"
      >
        По количеству, по убыванию
      </option>
    </select>
  </div>
  <div
    data-testid="filter-by-value"
  >
    <div>
      Производитель:
      <ul>
        <li
          data-testid="checkbox"
        >
          <label
            for="Denton"
          >
            <input
              class="filled-in"
              id="Denton"
              name="companyBicycle"
              type="checkbox"
              value="Denton"
            />
            <span>
              Denton
            </span>
          </label>
        </li>
        <li
          data-testid="checkbox"
        >
          <label
            for="Eltreco"
          >
            <input
              class="filled-in"
              id="Eltreco"
              name="companyBicycle"
              type="checkbox"
              value="Eltreco"
            />
            <span>
              Eltreco
            </span>
          </label>
        </li>
        <li
          data-testid="checkbox"
        >
          <label
            for="Ghost"
          >
            <input
              class="filled-in"
              id="Ghost"
              name="companyBicycle"
              type="checkbox"
              value="Ghost"
            />
            <span>
              Ghost
            </span>
          </label>
        </li>
        <li
          data-testid="checkbox"
        >
          <label
            for="Giant"
          >
            <input
              class="filled-in"
              id="Giant"
              name="companyBicycle"
              type="checkbox"
              value="Giant"
            />
            <span>
              Giant
            </span>
          </label>
        </li>
      </ul>
    </div>
    <div>
      Тип велосипеда:
      <ul>
        <li
          data-testid="checkbox"
        >
          <label
            for="Горный"
          >
            <input
              class="filled-in"
              id="Горный"
              name="typeBicycle"
              type="checkbox"
              value="Горный"
            />
            <span>
              Горный
            </span>
          </label>
        </li>
        <li
          data-testid="checkbox"
        >
          <label
            for="Электровелосипед"
          >
            <input
              class="filled-in"
              id="Электровелосипед"
              name="typeBicycle"
              type="checkbox"
              value="Электровелосипед"
            />
            <span>
              Электровелосипед
            </span>
          </label>
        </li>
      </ul>
    </div>
    <div>
      Цвет:
      <ul>
        <li
          data-testid="checkbox"
        >
          <label
            for="черный"
          >
            <input
              class="filled-in"
              id="черный"
              name="colorBicycle"
              type="checkbox"
              value="черный"
            />
            <span>
              черный
            </span>
          </label>
        </li>
        <li
          data-testid="checkbox"
        >
          <label
            for="серый"
          >
            <input
              class="filled-in"
              id="серый"
              name="colorBicycle"
              type="checkbox"
              value="серый"
            />
            <span>
              серый
            </span>
          </label>
        </li>
        <li
          data-testid="checkbox"
        >
          <label
            for="оранжевый"
          >
            <input
              class="filled-in"
              id="оранжевый"
              name="colorBicycle"
              type="checkbox"
              value="оранжевый"
            />
            <span>
              оранжевый
            </span>
          </label>
        </li>
        <li
          data-testid="checkbox"
        >
          <label
            for="хаки"
          >
            <input
              class="filled-in"
              id="хаки"
              name="colorBicycle"
              type="checkbox"
              value="хаки"
            />
            <span>
              хаки
            </span>
          </label>
        </li>
        <li
          data-testid="checkbox"
        >
          <label
            for="зеленый"
          >
            <input
              class="filled-in"
              id="зеленый"
              name="colorBicycle"
              type="checkbox"
              value="зеленый"
            />
            <span>
              зеленый
            </span>
          </label>
        </li>
        <li
          data-testid="checkbox"
        >
          <label
            for="красный"
          >
            <input
              class="filled-in"
              id="красный"
              name="colorBicycle"
              type="checkbox"
              value="красный"
            />
            <span>
              красный
            </span>
          </label>
        </li>
        <li
          data-testid="checkbox"
        >
          <label
            for="синий"
          >
            <input
              class="filled-in"
              id="синий"
              name="colorBicycle"
              type="checkbox"
              value="синий"
            />
            <span>
              синий
            </span>
          </label>
        </li>
      </ul>
    </div>
    <div>
      Только популярные:
      <ul>
        <li>
          <label
            for="popularIdCheckbox"
          >
            <input
              class="filled-in"
              id="popularIdCheckbox"
              name="popularBicycle"
              type="checkbox"
            />
            <span>
              Показать популярные
            </span>
          </label>
        </li>
      </ul>
    </div>
  </div>
  <div
    data-testid="filter-by-range"
  >
    <div
      data-testid="slider"
    >
      <p>
        Количество на складе:
      </p>
      <span>
        от 
        0
         | 
      </span>
      <span>
        до 
        100
      </span>
      <br />
      <div
        class="rc-slider rc-slider-horizontal"
      >
        <div
          class="rc-slider-rail"
        />
        <div
          class="rc-slider-track rc-slider-track-1"
          style="left: 0%; width: 100%;"
        />
        <div
          class="rc-slider-step"
        />
        <div
          aria-disabled="false"
          aria-valuemax="99"
          aria-valuemin="5"
          aria-valuenow="5"
          class="rc-slider-handle rc-slider-handle-1"
          role="slider"
          style="left: 0%; transform: translateX(-50%);"
          tabindex="0"
        />
        <div
          aria-disabled="false"
          aria-valuemax="99"
          aria-valuemin="5"
          aria-valuenow="99"
          class="rc-slider-handle rc-slider-handle-2"
          role="slider"
          style="left: 100%; transform: translateX(-50%);"
          tabindex="0"
        />
      </div>
    </div>
    <div
      data-testid="slider"
    >
      <p>
        По цене:
      </p>
      <span>
        от 
        0
         | 
      </span>
      <span>
        до 
        100
      </span>
      <br />
      <div
        class="rc-slider rc-slider-horizontal"
      >
        <div
          class="rc-slider-rail"
        />
        <div
          class="rc-slider-track rc-slider-track-1"
          style="left: 0%; width: 0%;"
        />
        <div
          class="rc-slider-step"
        />
        <div
          aria-disabled="false"
          aria-valuemax="148899"
          aria-valuemin="13649"
          aria-valuenow="13649"
          class="rc-slider-handle rc-slider-handle-1"
          role="slider"
          style="left: 0%; transform: translateX(-50%);"
          tabindex="0"
        />
        <div
          aria-disabled="false"
          aria-valuemax="148899"
          aria-valuemin="13649"
          aria-valuenow="13649"
          class="rc-slider-handle rc-slider-handle-2"
          role="slider"
          style="left: 0%; transform: translateX(-50%);"
          tabindex="0"
        />
      </div>
    </div>
  </div>
  <div
    class="reset"
    data-testid="reset"
  >
    <button
      class="waves-effect waves-light btn button"
      type="button"
    >
      <i
        class="material-icons right"
      >
        filter_list
      </i>
      Сбросить фильтры
    </button>
    <button
      class="waves-effect waves-light btn button"
      type="button"
    >
      <i
        class="material-icons right"
      >
        settings
      </i>
      Сбросить настройки
    </button>
  </div>
</div>
`;
