// Jest Snapshot v1, https://goo.gl/fbAQLP

exports[`footer footer snapshot 1`] = `
<footer
  class="footer"
  data-testid="footer"
>
  <div
    class="footer__info"
  >
    <a
      href="https://github.com/GlebKolyano"
      rel="noreferrer"
      target="_blank"
    >
      Gleb Kolyano
    </a>
    <a
      href="https://rs.school/js/"
      rel="noreferrer"
      target="_blank"
    >
      <img
        alt="logo-rs-school"
        class="footer__logo"
        src="https://rs.school/images/rs_school_js.svg"
      />
    </a>
    <a
      href="https://rs.school/js/"
      rel="noreferrer"
      target="_blank"
    >
      RS School, 2022
    </a>
  </div>
</footer>
`;
